{
'file-for-rules:FutureReservedWords.js':[
8,
],
'file-for-rules:S1534.js':[
6,
],
'file-for-rules:S2432.js':[
5,
],
'file-for-rules:S3854.js':[
307,
315,
338,
346,
],
'file-for-rules:S5247.js':[
3,
],
'file-for-rules:S5730.js':[
7,
],
'file-for-rules:S5732.js':[
8,
17,
26,
],
'file-for-rules:S5757.js':[
3,
],
}
