{
'file-for-rules:S3854.js':[
150,
178,
184,
202,
202,
202,
214,
214,
214,
219,
249,
369,
369,
369,
369,
],
}
